
 4.7296E-01 3.9111E-01 8.5421E-01 4.2606E-01
 2.4881E-01 5.7413E-01 8.4093E-01 1.9700E-01
 5.7370E-01 3.1443E-01 8.0832E-01 8.3611E-02

